@main {
  v1: int = const 4;
  v2.0: int = const 0;
  print v2.0;
  print v1;
}
