Label Count:
	@main: 3
	@getDigits: 2
	@mod: 0
	@power: 3
