Label Count:
	@pow: 5
	@mod: 0
	@LEFTSHIFT: 0
	@RIGHTSHIFT: 0
	@main: 0
