Label Count:
	@mod2: 0
	@loop_subroutine: 7
	@OR: 0
	@AND: 0
	@XOR: 0
	@main: 5
