Label Count:
	@main: 0
	@is_decreasing: 6
	@last_digit: 0
