Label Count:
	@main: 0
	@mod: 0
	@gcd: 9
	@relative_primes: 6
