Label Count:
	@sumOfSquares: 3
	@squareOfSum: 3
	@main: 0
