Label Count:
	@main: 0
	@sum_by_loop: 3
	@sum_by_formula: 0
